// Jest Snapshot v1, https://goo.gl/fbAQLP

exports[`Test LinkMoviePage component LinkMoviePage component is created and rendered correctly 1`] = `
<nav
  className="breadcrumbs"
>
  <ul
    className="breadcrumbs__list"
  >
    <li
      className="breadcrumbs__item"
    >
      <a
        className="breadcrumbs__link"
        href="/films/mock-1"
        onClick={[Function]}
      >
        Fantastic Beasts: The Crimes of Grindelwald
      </a>
    </li>
    <li
      className="breadcrumbs__item"
    >
      <a
        className="breadcrumbs__link"
      >
        Add review
      </a>
    </li>
  </ul>
</nav>
`;
