// Jest Snapshot v1, https://goo.gl/fbAQLP

exports[`Test MovieBackground component MovieBackground component is created and rendered correctly 1`] = `
<div
  className="movie-card__bg"
>
  <img
    alt="Fantastic Beasts: The Crimes of Grindelwald"
    src="https://htmlacademy-react-3.appspot.com/wtw/static/film/preview/moonrise-kingdom3.jpg"
  />
</div>
`;
