// Jest Snapshot v1, https://goo.gl/fbAQLP

exports[`Test MoviePage component MoviePage component is created and rendered correctly 1`] = `
Array [
  <section
    className="movie-card movie-card--full"
    style={
      Object {
        "backgroundColor": "#fff",
      }
    }
  >
    <div
      className="movie-card__hero"
    >
      <div
        className="movie-card__bg"
      >
        <img
          alt="Fantastic Beasts: The Crimes of Grindelwald"
          src="https://htmlacademy-react-3.appspot.com/wtw/static/film/preview/moonrise-kingdom3.jpg"
        />
      </div>
      <h1
        className="visually-hidden"
      >
        WTW
      </h1>
      <header
        className="page-header movie-card__head"
      >
        <div
          className="logo"
        />
        <div
          className="user-block"
        />
      </header>
      <div
        className="movie-card__wrap"
      >
        <div
          className="movie-card__desc"
        >
          <h2
            className="movie-card__title"
          >
            Fantastic Beasts: The Crimes of Grindelwald
          </h2>
          <p
            className="movie-card__meta"
          >
            <span
              className="movie-card__genre"
            >
              Documentary
            </span>
            <span
              className="movie-card__year"
            >
              2015
            </span>
          </p>
          <div
            className="movie-card__buttons"
          >
            <button
              className="btn btn--list movie-card__button"
              onClick={[Function]}
              type="button"
            >
              <svg
                height="20"
                viewBox="0 0 19 20"
                width="19"
              >
                <use
                  xlinkHref="#add"
                />
              </svg>
              <span>
                My list
              </span>
            </button>
          </div>
        </div>
      </div>
    </div>
    <div
      className="movie-card__wrap movie-card__translate-top"
    >
      <div
        className="movie-card__info"
      >
        <div
          className="movie-card__poster movie-card__poster--big"
        >
          <img
            alt="Fantastic Beasts: The Crimes of Grindelwald"
            height="327"
            src="https://htmlacademy-react-3.appspot.com/wtw/static/film/preview/moonrise-kingdom1.jpg"
            width="218"
          />
        </div>
        <div
          className="movie-card__desc"
        >
          <nav
            className="movie-nav movie-card__nav"
          >
            <ul
              className="movie-nav__list"
            >
              <li
                className="movie-nav__item movie-nav__item--active"
                onClick={[Function]}
              />
              <li
                className="movie-nav__item"
                onClick={[Function]}
              />
              <li
                className="movie-nav__item visually-hidden"
                onClick={[Function]}
              />
            </ul>
          </nav>
          <div
            className="movie-card__text movie-card__row"
          >
            <div
              className="movie-card__text-col"
            >
              <p
                className="movie-card__details-item"
              >
                <strong
                  className="movie-card__details-name"
                >
                  Director
                </strong>
                <span
                  className="movie-card__details-value"
                >
                  Крис МакКей
                </span>
              </p>
              <p
                className="movie-card__details-item"
              >
                <strong
                  className="movie-card__details-name"
                >
                  Starring
                </strong>
                <span
                  className="movie-card__details-value"
                >
                  Крис О’Доннелл, Джек Николсон
                </span>
              </p>
            </div>
            <div
              className="movie-card__text-col"
            >
              <p
                className="movie-card__details-item"
              >
                <strong
                  className="movie-card__details-name"
                >
                  Run Time
                </strong>
                <span
                  className="movie-card__details-value"
                >
                  120
                </span>
              </p>
              <p
                className="movie-card__details-item"
              >
                <strong
                  className="movie-card__details-name"
                >
                  Genre
                </strong>
                <span
                  className="movie-card__details-value"
                >
                  Documentary
                </span>
              </p>
              <p
                className="movie-card__details-item"
              >
                <strong
                  className="movie-card__details-name"
                >
                  Released
                </strong>
                <span
                  className="movie-card__details-value"
                >
                  2015
                </span>
              </p>
            </div>
          </div>
        </div>
      </div>
    </div>
  </section>,
  <div
    className="page-content"
  >
    <section
      className="catalog catalog--like-this"
    >
      <h2
        className="catalog__title"
      >
        More like this
      </h2>
      <div
        className="catalog__movies-list"
      >
        <article
          className="small-movie-card catalog__movies-card"
          onClick={[Function]}
          onMouseEnter={[Function]}
          onMouseLeave={[Function]}
        >
          <div
            className="small-movie-card__image"
          >
            <video
              height="175"
              poster="https://htmlacademy-react-3.appspot.com/wtw/static/film/preview/gangs_of_new_york2.jpg"
              type="video/webm"
              width="280"
            >
              Sorry, your browser doesn\`t support embedded videos
            </video>
          </div>
          <h3
            className="small-movie-card__title"
            onClick={[Function]}
          />
        </article>
        <article
          className="small-movie-card catalog__movies-card"
          onClick={[Function]}
          onMouseEnter={[Function]}
          onMouseLeave={[Function]}
        >
          <div
            className="small-movie-card__image"
          >
            <video
              height="175"
              poster="https://htmlacademy-react-3.appspot.com/wtw/static/film/preview/pulp-fiction2.jpg"
              type="video/webm"
              width="280"
            >
              Sorry, your browser doesn\`t support embedded videos
            </video>
          </div>
          <h3
            className="small-movie-card__title"
            onClick={[Function]}
          />
        </article>
      </div>
    </section>
    <footer
      className="page-footer"
    >
      <div
        className="logo"
      />
      <div
        className="copyright"
      >
        <p>
          © 2020 What to watch Ltd.
        </p>
      </div>
    </footer>
  </div>,
]
`;
